New samples: ['SRR20281612', 'SRR20281613', 'SRR20650029', 'SRR20650030', 'SRR20650031']
Updated /home/nyako/rnaseq_requantification/counts/rnaseq_requant_combined.xlsx: 4770 genes x 11 samples
Updated /home/nyako/rnaseq_requantification/counts/rnaseq_requant_combined.csv and sample_conditions.csv

=== TPM column sums (should be ~1e6) ===
  SRR20281612: 1,000,000.00
  SRR20281613: 1,000,000.00
  SRR20650029: 1,000,000.00
  SRR20650030: 1,000,000.00
  SRR20650031: 1,000,000.00

=== High-expression gene check (rRNA / ffs / rnpB) for new samples ===
 locus_tag gene_name gene_biotype  SRR20281612_read_count  SRR20281612_TPM  SRR20281613_read_count  SRR20281613_TPM  SRR20650029_read_count  SRR20650029_TPM  SRR20650030_read_count  SRR20650030_TPM  SRR20650031_read_count  SRR20650031_TPM
MA_RS24895      rnpB  RNase_P_RNA                 1006348     63451.817491                  604010     40598.415864                    6255       728.084890                   10507      1218.682814                    9042      1095.640805
MA_RS04665       NaN         rRNA                 3556810     54927.607335                 4403262     72489.252740                 4388928    125125.923828                 5825369    165489.152260                 5185002    153881.623789
MA_RS04670       NaN         rRNA                 1139465      8955.891571                 1166126      9770.626143                 8951678    129888.623539                 7813905    112977.520668                 7710745    116469.442091
MA_RS04675       rrf         rRNA                   12528      2324.775833                    6463      1278.505422                    1259       431.304405                     770       262.848885                    1235       440.427180
MA_RS08405       NaN         rRNA                 3568842     55113.416802                 4419809     72761.659802                 4565451    130158.497488                 6044542    171715.496714                 5397170    160178.392114
MA_RS08415       NaN         rRNA                 1147474      9018.840179                 1183661      9917.546741                 9210443    133643.297207                 8007880    115782.112555                 7932974    119826.171908
MA_RS08420       rrf         rRNA                   12540      2327.002630                    6372      1260.503875                    1348       461.793755                     867       295.961017                    1106       394.423045
MA_RS26045       ffs      SRP_RNA                  888486     64379.038210                  834998     64498.321245                   85838     11482.390461                   80557     10737.749189                  118224     16462.938722
MA_RS24070       rrf         rRNA                    2936       549.288706                    1782       355.403253                     894       308.774170                     580       199.612938                     887       318.915814
MA_RS24075       NaN         rRNA                 1118921      8794.421200                 1155515      9681.719701                10938658    158719.653564                 9275649    134112.179071                 9038403    136523.481818
MA_RS24080       NaN         rRNA                 3496413     53994.900021                 4324104     71186.104241                 4476728    127629.053547                 5925060    168321.209607                 5289038    156969.226960
